// Jest Snapshot v1, https://goo.gl/fbAQLP

exports[`UnifiedGraphMemory toJSON can convert to JSON 1`] = `"{"root":{"value":null,"children":[{"value":{"key":"a","value":"value"},"children":[{"value":{"key":"b","value":"value_2"},"children":[{"value":{"key":"c","value":"value_4"},"children":[]}]}]},{"value":{"key":"g","value":"value"},"children":[{"value":{"key":"r","value":"value_2"},"children":[{"value":{"key":"a","value":"value_3"},"children":[{"value":{"key":"f","value":"value_4"},"children":[]}]}]}]},{"value":{"key":"d","value":"value"},"children":[{"value":{"key":"a","value":"value_2"},"children":[{"value":{"key":"n","value":"value_3"},"children":[{"value":{"key":"e","value":"value_4"},"children":[]}]}]},{"value":{"key":"g","value":"value_2"},"children":[{"value":{"key":"b","value":"value_3"},"children":[{"value":{"key":"a","value":"value_4"},"children":[]}]}]}]}]}}"`;
